[sites.google.com/site/deansbook/index.html]
[sites.google.com/site/deansbook/_/rsrc/1297442239311/favicon.0.delayed]
[sites.google.com/site/deansbook/favicon.16fb5.delayed]
[ssl.gstatic.com/sites/p/cac28e/system/app/images/apple-touch-icon.png]
[backblue.gif]
[fade.gif]
[index.html]
[ssl.gstatic.com/sites/p/cac28e/system/app/images/cleardot.gif]
[sites.google.com/site/deansbook/_/rsrc/1298375204579/config/customLogo544b.jpg]
[sites.google.com/site/deansbook/home/preface.html]
[sites.google.com/site/deansbook/summary-of-the-book.html]
[sites.google.com/site/deansbook/collocation-of-ballad-texts.html]
[sites.google.com/site/deansbook/gaelic-ballads-general-background.html]
[sites.google.com/site/deansbook/the-sample.html]
[sites.google.com/site/deansbook/the-bdl-corpus.html]
[sites.google.com/site/deansbook/scribal-features-of-bdl.html]
[sites.google.com/site/deansbook/language-style-and-metre.html]
[sites.google.com/site/deansbook/scottish-gaelic-features-in-the-bdl-texts.html]
[sites.google.com/site/deansbook/about/guide.html]
[sites.google.com/site/deansbook/aims-and-principles.html]
[sites.google.com/site/deansbook/ballads/Poem-1.html]
[sites.google.com/site/deansbook/ballads/Poem-2.html]
[sites.google.com/site/deansbook/ballads/Poem-3.html]
[sites.google.com/site/deansbook/ballads/iv-is-fada-a-nocht-a-noil-finn.html]
[sites.google.com/site/deansbook/ballads/v-ladha-deachaidh-fionn-mo-thriath.html]
[sites.google.com/site/deansbook/ballads/vi-la-dha-deachaidh-se-dha-chill.html]
[sites.google.com/site/deansbook/ballads/vii-la-dhan-deachaidh-fionn-do-dh-ol.html]
[sites.google.com/site/deansbook/ballads/viii-anbhfann-anocht-neart-mo-lamh.html]
[sites.google.com/site/deansbook/ballads/ix-theighim-toisg-a-dh-fhosgladh-finn.html]
[sites.google.com/site/deansbook/ballads/x-truagh-liom-tulach-na-feine.html]
[sites.google.com/site/deansbook/ballads/poem-xi.html]
[sites.google.com/site/deansbook/ballads/xii.html]
[sites.google.com/site/deansbook/ballads/xiii.html]
[sites.google.com/site/deansbook/ballads/xiv.html]
[sites.google.com/site/deansbook/ballads/xv.html]
[sites.google.com/site/deansbook/ballads/xvi.html]
[sites.google.com/site/deansbook/ballads/zvii.html]
[sites.google.com/site/deansbook/ballads/xviii.html]
[sites.google.com/site/deansbook/ballads/xix.html]
[sites.google.com/site/deansbook/the-standards.html]
[sites.google.com/site/deansbook/bibliography.html]
[sites.google.com/site/deansbook/links.html]
[sites.google.com/site/deansbook/system/app/pages/recentChanges.html]
[sites.google.com/site/deansbook/system/app/pages/reportAbusec86e.html]
[ssl.gstatic.com/sites/p/cac28e/system/js/jot_min_view__en_gb.js]
[sites.google.com/site/deansbook/_/tz.2e.delayed]
[sites.google.com/site/deansbook/index.html]
[ssl.gstatic.com/editor/bubble2_tr.gif]
[ssl.gstatic.com/sites/p/cac28e/system/app/css/trogedit.css]
[sites.google.com/site/deansbook/_/rsrc/1305556023000/system/app/images/toolbar-check.gif]
[sites.google.com/site/deansbook/_/rsrc/1305556023000/system/app/images/toolbar2.gif]
[sites.google.com/site/deansbook/_/rsrc/1305556023000/system/app/images/formatblock-menu-icons.gif]
[spreadsheets.google.com/images/MainMenuHorSprite015.gif]
[sites.google.com/site/deansbook/_/rsrc/1305556023000/system/app/css/editor.css]
[ssl.gstatic.com/docs/documents/images/icons-24.png]
[ssl.gstatic.com/sites/p/cac28e/system/app/css/kixeditor.css]
[ssl.gstatic.com/editor/button-bg.png]
[ssl.gstatic.com/sites/p/cac28e/system/app/themes/solitudecherry/standard-css-solitudecherry-ltr-ltr.css]
[sites.google.com/site/deansbook/_/rsrc/1305556023000/system/app/css/overlayddde.css]
[sites.google.com/site/deansbook/home.html]
[sites.google.com/site/deansbook/home/preface.html]
[sites.google.com/site/deansbook/system/app/pages/reportAbuse79d7.html]
[sites.google.com/site/deansbook/summary-of-the-book/history.html]
[sites.google.com/site/deansbook/summary-of-the-book/condition.html]
[sites.google.com/site/deansbook/summary-of-the-book/scribes.html]
[sites.google.com/site/deansbook/summary-of-the-book/script.html]
[sites.google.com/site/deansbook/summary-of-the-book/orthography.html]
[sites.google.com/site/deansbook/summary-of-the-book/principal-contents.html]
[sites.google.com/site/deansbook/summary-of-the-book/duanaire.html]
[sites.google.com/site/deansbook/summary-of-the-book/oral-and-literary-sources-for-bdl.html]
[sites.google.com/site/deansbook/summary-of-the-book.html]
[sites.google.com/site/deansbook/system/app/pages/reportAbuseb885.html]
[sites.google.com/site/deansbook/collocation-of-ballad-texts/location.html]
[sites.google.com/site/deansbook/collocation-of-ballad-texts/ballads.html]
[sites.google.com/site/deansbook/collocation-of-ballad-texts/sequences.html]
[sites.google.com/site/deansbook/collocation-of-ballad-texts/conclusions.html]
[sites.google.com/site/deansbook/collocation-of-ballad-texts.html]
[sites.google.com/site/deansbook/system/app/pages/reportAbuseb71b.html]
[sites.google.com/site/deansbook/gaelic-ballads-general-background/terminology.html]
[sites.google.com/site/deansbook/gaelic-ballads-general-background/warrior-groups.html]
[sites.google.com/site/deansbook/gaelic-ballads-general-background/origins-of-the-genre.html]
[sites.google.com/site/deansbook/gaelic-ballads-general-background/poets-and-composers.html]
[sites.google.com/site/deansbook/gaelic-ballads-general-background/metres-and-structures.html]
[sites.google.com/site/deansbook/gaelic-ballads-general-background/transmission-of-texts.html]
[sites.google.com/site/deansbook/gaelic-ballads-general-background/performance.html]
[sites.google.com/site/deansbook/gaelic-ballads-general-background.html]
[sites.google.com/site/deansbook/system/app/pages/reportAbuse82f9.html]
[sites.google.com/site/deansbook/the-sample/elegies-and-death-tales.html]
[sites.google.com/site/deansbook/the-sample/eulogy.html]
[sites.google.com/site/deansbook/the-sample/adventure-narratives.html]
[sites.google.com/site/deansbook/the-sample/rivalries-and-debates.html]
[sites.google.com/site/deansbook/the-sample/onomastic-verse.html]
[sites.google.com/site/deansbook/the-sample/natural-description.html]
[sites.google.com/site/deansbook/the-sample.html]
[sites.google.com/site/deansbook/system/app/pages/reportAbuseb437.html]
[sites.google.com/site/deansbook/the-bdl-corpus/bdl-and-duanaire-finn.html]
[sites.google.com/site/deansbook/the-bdl-corpus/bdl-and-later-irish-collections.html]
[sites.google.com/site/deansbook/the-bdl-corpus/bdl-and-later-scottish-collections.html]
[sites.google.com/site/deansbook/the-bdl-corpus/conclusions.html]
[sites.google.com/site/deansbook/system/app/pages/admin/revisions.657705.delayed]
[sites.google.com/site/deansbook/the-bdl-corpus/BDLtable.669a1b.delayed]
[sites.google.com/site/deansbook/the-bdl-corpus.html]
[sites.google.com/site/deansbook/system/app/pages/reportAbuseb445.html]
[sites.google.com/site/deansbook/scribal-features-of-bdl.html]
[sites.google.com/site/deansbook/system/app/pages/reportAbuse1ec9.html]
[sites.google.com/site/deansbook/language-style-and-metre.html]
[sites.google.com/site/deansbook/system/app/pages/reportAbusebbac.html]
[sites.google.com/site/deansbook/scottish-gaelic-features-in-the-bdl-texts/negative-particle.html]
[sites.google.com/site/deansbook/scottish-gaelic-features-in-the-bdl-texts/eclipsis.html]
[sites.google.com/site/deansbook/scottish-gaelic-features-in-the-bdl-texts/verb-forms.html]
[sites.google.com/site/deansbook/scottish-gaelic-features-in-the-bdl-texts/noun-endings--definite-article.html]
[sites.google.com/site/deansbook/scottish-gaelic-features-in-the-bdl-texts/prepositions--pronouns.html]
[sites.google.com/site/deansbook/scottish-gaelic-features-in-the-bdl-texts/phonological.html]
[sites.google.com/site/deansbook/scottish-gaelic-features-in-the-bdl-texts.html]
[sites.google.com/site/deansbook/system/app/pages/reportAbuse0c48.html]
[sites.google.com/site/deansbook/about.html]
[sites.google.com/site/deansbook/about/guide/consonant-representation.html]
[sites.google.com/site/deansbook/about/guide/vowel-representation.html]
[sites.google.com/site/deansbook/about/guide/conclusion.html]
[sites.google.com/site/deansbook/about/guide/words-spelt-in-normal-gaelic-orthography.html]
[sites.google.com/site/deansbook/about/guide.html]
[sites.google.com/site/deansbook/system/app/pages/reportAbuse2149.html]
[sites.google.com/site/deansbook/aims-and-principles.html]
[sites.google.com/site/deansbook/system/app/pages/reportAbuse101b.html]
[sites.google.com/site/deansbook/ballads.html]
[sites.google.com/site/deansbook/the-standards/notes-to-poem-i.html]
[sites.google.com/site/deansbook/ballads/Poem-1.html]
[sites.google.com/site/deansbook/system/app/pages/reportAbuseed4b.html]
[sites.google.com/site/deansbook/the-standards/notes-to-poem-ii.html]
[sites.google.com/site/deansbook/ballads/Poem-2.html]
[sites.google.com/site/deansbook/system/app/pages/reportAbuse5919.html]
[sites.google.com/site/deansbook/the-standards/notes-to-poem-iii.html]
[sites.google.com/site/deansbook/ballads/Poem-3.html]
[sites.google.com/site/deansbook/system/app/pages/reportAbused602.html]
[sites.google.com/site/deansbook/the-standards/poem-iv.html]
[sites.google.com/site/deansbook/ballads/iv-is-fada-a-nocht-a-noil-finn.html]
[sites.google.com/site/deansbook/system/app/pages/reportAbuse216a.html]
[sites.google.com/site/deansbook/the-standards/notes-to-poem-v.html]
[sites.google.com/site/deansbook/ballads/v-ladha-deachaidh-fionn-mo-thriath.html]
[sites.google.com/site/deansbook/system/app/pages/reportAbusec2bf.html]
[sites.google.com/site/deansbook/the-standards/notes-to-poem-vi.html]
[sites.google.com/site/deansbook/ballads/vi-la-dha-deachaidh-se-dha-chill.html]
[sites.google.com/site/deansbook/system/app/pages/reportAbuse2b23.html]
[sites.google.com/site/deansbook/the-standards/notes-to-poem-vii.html]
[sites.google.com/site/deansbook/ballads/vii-la-dhan-deachaidh-fionn-do-dh-ol.html]
[sites.google.com/site/deansbook/system/app/pages/reportAbuse99b5.html]
[sites.google.com/site/deansbook/the-standards/notes-to-poem-viii.html]
[sites.google.com/site/deansbook/ballads/viii-anbhfann-anocht-neart-mo-lamh.html]
[sites.google.com/site/deansbook/system/app/pages/reportAbuse6d24.html]
[sites.google.com/site/deansbook/the-standards/notes-to-poem-ix.html]
[sites.google.com/site/deansbook/ballads/ix-theighim-toisg-a-dh-fhosgladh-finn.html]
[sites.google.com/site/deansbook/system/app/pages/reportAbuse8b63.html]
[sites.google.com/site/deansbook/the-standards/notes-to-poem-x.html]
[sites.google.com/site/deansbook/ballads/x-truagh-liom-tulach-na-feine.html]
[sites.google.com/site/deansbook/system/app/pages/reportAbuse1aaf.html]
[sites.google.com/site/deansbook/the-standards/notes-to-poem-xi.html]
[sites.google.com/site/deansbook/ballads/poem-xi.html]
[sites.google.com/site/deansbook/system/app/pages/reportAbused5e0.html]
[sites.google.com/site/deansbook/the-standards/notes-to-poem-xii.html]
[sites.google.com/site/deansbook/ballads/xii.html]
[sites.google.com/site/deansbook/system/app/pages/reportAbusee8ef.html]
[sites.google.com/site/deansbook/the-standards/notes-to-poem-xiii.html]
[sites.google.com/site/deansbook/ballads/xiii.html]
[sites.google.com/site/deansbook/system/app/pages/reportAbusec2f6.html]
[sites.google.com/site/deansbook/the-standards/notes-to-poem-xiv.html]
[sites.google.com/site/deansbook/ballads/xiv.html]
[sites.google.com/site/deansbook/system/app/pages/reportAbused51a.html]
[sites.google.com/site/deansbook/the-standards/notes-to-poem-xv.html]
[sites.google.com/site/deansbook/ballads/xv.html]
[sites.google.com/site/deansbook/system/app/pages/reportAbuse8838.html]
[sites.google.com/site/deansbook/the-standards/notes-to-poem-xvi.html]
[sites.google.com/site/deansbook/ballads/xvi.html]
[sites.google.com/site/deansbook/system/app/pages/reportAbusef004.html]
[sites.google.com/site/deansbook/the-standards/notes-to-poem-xvii.html]
[sites.google.com/site/deansbook/ballads/zvii.html]
[sites.google.com/site/deansbook/system/app/pages/reportAbuse9f7f.html]
[sites.google.com/site/deansbook/the-standards/notes-to-poem-xviii.html]
[sites.google.com/site/deansbook/ballads/xviii.html]
[sites.google.com/site/deansbook/system/app/pages/reportAbuse4494.html]
[sites.google.com/site/deansbook/the-standards/notes-to-poem-xix.html]
[sites.google.com/site/deansbook/ballads/xix.html]
[sites.google.com/site/deansbook/system/app/pages/reportAbusea026.html]
[sites.google.com/site/deansbook/the-standards.html]
[sites.google.com/site/deansbook/system/app/pages/reportAbusea662.html]
[sites.google.com/site/deansbook/bibliography/abbreviations.html]
[sites.google.com/site/deansbook/bibliography/studies-and-reference-works-cited.html]
[sites.google.com/site/deansbook/bibliography/printed-collections.html]
[sites.google.com/site/deansbook/bibliography.html]
[sites.google.com/site/deansbook/system/app/pages/reportAbuse1ccf.html]
[sites.google.com/site/deansbook/links.html]
[sites.google.com/site/deansbook/system/app/pages/reportAbuse7ede.html]
[sites.google.com/site/deansbook/activity.xml]
[sites.google.com/site/deansbook/system.html]
[sites.google.com/site/deansbook/system/app.html]
[sites.google.com/site/deansbook/system/app/pages.html]
[sites.google.com/site/deansbook/system/app/pages/recentChanges4c30.html]
[sites.google.com/site/deansbook/system/app/pages/recentChanges.html]
[sites.google.com/site/deansbook/system/app/pages/reportAbuse2039.html]
[ssl.gstatic.com/sites/p/cac28e/system/js/jot_min__en.js]
[ssl.gstatic.com/sites/p/cac28e/system/app/images/logo/logo.gif]
[sites.google.com/site/deansbook/system/app/pages/reportAbusec86e.html]
[sites.google.com/site/deansbook/_/tz.html]
[sites.google.com/site/deansbook/home.html]
[sites.google.com/site/deansbook/system/app/pages/reportAbuse79d7.html]
[sites.google.com/site/deansbook/summary-of-the-book/history.html]
[sites.google.com/site/deansbook/system/app/pages/reportAbusee5ea.html]
[sites.google.com/site/deansbook/summary-of-the-book/condition.html]
[sites.google.com/site/deansbook/system/app/pages/reportAbusee38d.html]
[sites.google.com/site/deansbook/summary-of-the-book/scribes.html]
[sites.google.com/site/deansbook/system/app/pages/reportAbuse400e.html]
[sites.google.com/site/deansbook/summary-of-the-book/script.html]
[sites.google.com/site/deansbook/system/app/pages/reportAbuse42b8.html]
[sites.google.com/site/deansbook/summary-of-the-book/orthography.html]
[sites.google.com/site/deansbook/system/app/pages/reportAbuseed85.html]
[sites.google.com/site/deansbook/summary-of-the-book/principal-contents.html]
[sites.google.com/site/deansbook/system/app/pages/reportAbuse40fa.html]
[sites.google.com/site/deansbook/summary-of-the-book/duanaire.html]
[sites.google.com/site/deansbook/system/app/pages/reportAbuse85cc.html]
[sites.google.com/site/deansbook/summary-of-the-book/oral-and-literary-sources-for-bdl.html]
[sites.google.com/site/deansbook/system/app/pages/reportAbuseb885.html]
[sites.google.com/site/deansbook/system/app/pages/reportAbuse55b0.html]
[sites.google.com/site/deansbook/collocation-of-ballad-texts/location.html]
[sites.google.com/site/deansbook/system/app/pages/reportAbuse197a.html]
[sites.google.com/site/deansbook/collocation-of-ballad-texts/ballads.html]
[sites.google.com/site/deansbook/system/app/pages/reportAbuse5301.html]
[sites.google.com/site/deansbook/collocation-of-ballad-texts/sequences.html]
[sites.google.com/site/deansbook/system/app/pages/reportAbusef0c0.html]
[sites.google.com/site/deansbook/collocation-of-ballad-texts/conclusions.html]
[sites.google.com/site/deansbook/system/app/pages/reportAbuseb71b.html]
[sites.google.com/site/deansbook/system/app/pages/reportAbuse9771.html]
[sites.google.com/site/deansbook/gaelic-ballads-general-background/terminology.html]
[sites.google.com/site/deansbook/system/app/pages/reportAbuse402c.html]
[sites.google.com/site/deansbook/gaelic-ballads-general-background/warrior-groups.html]
[sites.google.com/site/deansbook/system/app/pages/reportAbuse9292.html]
[sites.google.com/site/deansbook/gaelic-ballads-general-background/origins-of-the-genre.html]
[sites.google.com/site/deansbook/system/app/pages/reportAbuse3714.html]
[sites.google.com/site/deansbook/gaelic-ballads-general-background/poets-and-composers.html]
[sites.google.com/site/deansbook/system/app/pages/reportAbuse39f9.html]
[sites.google.com/site/deansbook/gaelic-ballads-general-background/metres-and-structures.html]
[sites.google.com/site/deansbook/system/app/pages/reportAbuseb8fe.html]
[sites.google.com/site/deansbook/gaelic-ballads-general-background/transmission-of-texts.html]
[sites.google.com/site/deansbook/system/app/pages/reportAbuse3bd6.html]
[sites.google.com/site/deansbook/gaelic-ballads-general-background/performance.html]
[sites.google.com/site/deansbook/system/app/pages/reportAbuse82f9.html]
[sites.google.com/site/deansbook/system/app/pages/reportAbusea75e.html]
[sites.google.com/site/deansbook/the-sample/elegies-and-death-tales.html]
[sites.google.com/site/deansbook/system/app/pages/reportAbuse0020.html]
[sites.google.com/site/deansbook/the-sample/eulogy.html]
[sites.google.com/site/deansbook/system/app/pages/reportAbuse052d.html]
[sites.google.com/site/deansbook/the-sample/adventure-narratives.html]
[sites.google.com/site/deansbook/system/app/pages/reportAbuse14e1.html]
[sites.google.com/site/deansbook/the-sample/rivalries-and-debates.html]
[sites.google.com/site/deansbook/system/app/pages/reportAbusee154.html]
[sites.google.com/site/deansbook/the-sample/onomastic-verse.html]
[sites.google.com/site/deansbook/system/app/pages/reportAbuse53c5.html]
[sites.google.com/site/deansbook/the-sample/natural-description.html]
[sites.google.com/site/deansbook/system/app/pages/reportAbuseb437.html]
[sites.google.com/site/deansbook/system/app/pages/reportAbuseec0c.html]
[sites.google.com/site/deansbook/the-bdl-corpus/bdl-and-duanaire-finn.html]
[sites.google.com/site/deansbook/system/app/pages/reportAbuse8fdd.html]
[sites.google.com/site/deansbook/the-bdl-corpus/bdl-and-later-irish-collections.html]
[sites.google.com/site/deansbook/system/app/pages/reportAbuse5cd9.html]
[sites.google.com/site/deansbook/the-bdl-corpus/bdl-and-later-scottish-collections.html]
[sites.google.com/site/deansbook/system/app/pages/reportAbuse7fe3.html]
[sites.google.com/site/deansbook/the-bdl-corpus/conclusions.html]
[sites.google.com/site/deansbook/system/app/pages/reportAbuseb445.html]
[sites.google.com/site/deansbook/system/app/pages/reportAbuse1ec9.html]
[sites.google.com/site/deansbook/system/app/pages/reportAbusebbac.html]
[sites.google.com/site/deansbook/system/app/pages/reportAbuse2314.html]
[sites.google.com/site/deansbook/scottish-gaelic-features-in-the-bdl-texts/negative-particle.html]
[sites.google.com/site/deansbook/system/app/pages/reportAbused1cf.html]
[sites.google.com/site/deansbook/scottish-gaelic-features-in-the-bdl-texts/eclipsis.html]
[sites.google.com/site/deansbook/system/app/pages/reportAbuse7780.html]
[sites.google.com/site/deansbook/scottish-gaelic-features-in-the-bdl-texts/verb-forms.html]
[sites.google.com/site/deansbook/system/app/pages/reportAbuse7217.html]
[sites.google.com/site/deansbook/scottish-gaelic-features-in-the-bdl-texts/noun-endings--definite-article.html]
[sites.google.com/site/deansbook/system/app/pages/reportAbuse9dad.html]
[sites.google.com/site/deansbook/scottish-gaelic-features-in-the-bdl-texts/prepositions--pronouns.html]
[sites.google.com/site/deansbook/system/app/pages/reportAbuse6a91.html]
[sites.google.com/site/deansbook/scottish-gaelic-features-in-the-bdl-texts/phonological.html]
[sites.google.com/site/deansbook/system/app/pages/reportAbuse0c48.html]
[sites.google.com/site/deansbook/system/app/pages/reportAbuse6f0b.html]
[sites.google.com/site/deansbook/about.html]
[sites.google.com/site/deansbook/system/app/pages/reportAbusef28c.html]
[sites.google.com/site/deansbook/about/guide/consonant-representation.html]
[sites.google.com/site/deansbook/system/app/pages/reportAbuseacf5.html]
[sites.google.com/site/deansbook/about/guide/vowel-representation.html]
[sites.google.com/site/deansbook/system/app/pages/reportAbuse7aa4.html]
[sites.google.com/site/deansbook/about/guide/conclusion.html]
[sites.google.com/site/deansbook/system/app/pages/reportAbuse39e1.html]
[sites.google.com/site/deansbook/about/guide/words-spelt-in-normal-gaelic-orthography.html]
[sites.google.com/site/deansbook/system/app/pages/reportAbuse2149.html]
[sites.google.com/site/deansbook/system/app/pages/reportAbuse101b.html]
[sites.google.com/site/deansbook/system/app/pages/reportAbusec412.html]
[sites.google.com/site/deansbook/ballads.html]
[sites.google.com/site/deansbook/system/app/pages/reportAbuse5394.html]
[sites.google.com/site/deansbook/the-standards/notes-to-poem-i.html]
[sites.google.com/site/deansbook/system/app/pages/reportAbuseed4b.html]
[sites.google.com/site/deansbook/system/app/pages/reportAbuse8a3c.html]
[sites.google.com/site/deansbook/the-standards/notes-to-poem-ii.html]
[sites.google.com/site/deansbook/system/app/pages/reportAbuse5919.html]
[sites.google.com/site/deansbook/system/app/pages/reportAbuse6e29.html]
[sites.google.com/site/deansbook/the-standards/notes-to-poem-iii.html]
[sites.google.com/site/deansbook/system/app/pages/reportAbused602.html]
[sites.google.com/site/deansbook/system/app/pages/reportAbuse486e.html]
[sites.google.com/site/deansbook/the-standards/poem-iv.html]
[sites.google.com/site/deansbook/system/app/pages/reportAbuse216a.html]
[sites.google.com/site/deansbook/system/app/pages/reportAbuse1a6b.html]
[sites.google.com/site/deansbook/the-standards/notes-to-poem-v.html]
[sites.google.com/site/deansbook/system/app/pages/reportAbusec2bf.html]
[sites.google.com/site/deansbook/system/app/pages/reportAbuse3155.html]
[sites.google.com/site/deansbook/the-standards/notes-to-poem-vi.html]
[sites.google.com/site/deansbook/system/app/pages/reportAbuse2b23.html]
[sites.google.com/site/deansbook/system/app/pages/reportAbuse637c.html]
[sites.google.com/site/deansbook/the-standards/notes-to-poem-vii.html]
[sites.google.com/site/deansbook/system/app/pages/reportAbuse99b5.html]
[sites.google.com/site/deansbook/system/app/pages/reportAbusef556.html]
[sites.google.com/site/deansbook/the-standards/notes-to-poem-viii.html]
[sites.google.com/site/deansbook/system/app/pages/reportAbuse6d24.html]
[sites.google.com/site/deansbook/system/app/pages/reportAbuseae9a.html]
[sites.google.com/site/deansbook/the-standards/notes-to-poem-ix.html]
[sites.google.com/site/deansbook/system/app/pages/reportAbuse8b63.html]
[sites.google.com/site/deansbook/system/app/pages/reportAbuse7a69.html]
[sites.google.com/site/deansbook/the-standards/notes-to-poem-x.html]
[sites.google.com/site/deansbook/system/app/pages/reportAbuse1aaf.html]
[sites.google.com/site/deansbook/system/app/pages/reportAbused140.html]
[sites.google.com/site/deansbook/the-standards/notes-to-poem-xi.html]
[sites.google.com/site/deansbook/system/app/pages/reportAbused5e0.html]
[sites.google.com/site/deansbook/system/app/pages/reportAbusee104.html]
[sites.google.com/site/deansbook/the-standards/notes-to-poem-xii.html]
[sites.google.com/site/deansbook/system/app/pages/reportAbusee8ef.html]
[sites.google.com/site/deansbook/system/app/pages/reportAbusead28.html]
[sites.google.com/site/deansbook/the-standards/notes-to-poem-xiii.html]
[sites.google.com/site/deansbook/system/app/pages/reportAbusec2f6.html]
[sites.google.com/site/deansbook/system/app/pages/reportAbuse7376.html]
[sites.google.com/site/deansbook/the-standards/notes-to-poem-xiv.html]
[sites.google.com/site/deansbook/system/app/pages/reportAbused51a.html]
[sites.google.com/site/deansbook/system/app/pages/reportAbused6f5.html]
[sites.google.com/site/deansbook/the-standards/notes-to-poem-xv.html]
[sites.google.com/site/deansbook/system/app/pages/reportAbuse8838.html]
[sites.google.com/site/deansbook/system/app/pages/reportAbusee297.html]
[sites.google.com/site/deansbook/the-standards/notes-to-poem-xvi.html]
[sites.google.com/site/deansbook/system/app/pages/reportAbusef004.html]
[sites.google.com/site/deansbook/system/app/pages/reportAbusea9d1.html]
[sites.google.com/site/deansbook/the-standards/notes-to-poem-xvii.html]
[sites.google.com/site/deansbook/system/app/pages/reportAbuse9f7f.html]
[sites.google.com/site/deansbook/system/app/pages/reportAbuse7337.html]
[sites.google.com/site/deansbook/the-standards/notes-to-poem-xviii.html]
[sites.google.com/site/deansbook/system/app/pages/reportAbuse4494.html]
[sites.google.com/site/deansbook/system/app/pages/reportAbuseaca5.html]
[sites.google.com/site/deansbook/the-standards/notes-to-poem-xix.html]
[sites.google.com/site/deansbook/system/app/pages/reportAbusea026.html]
[sites.google.com/site/deansbook/system/app/pages/reportAbusea662.html]
[sites.google.com/site/deansbook/system/app/pages/reportAbuse0f55.html]
[sites.google.com/site/deansbook/bibliography/abbreviations.html]
[sites.google.com/site/deansbook/system/app/pages/reportAbuse9a80.html]
[sites.google.com/site/deansbook/bibliography/studies-and-reference-works-cited.html]
[sites.google.com/site/deansbook/system/app/pages/reportAbuse3344.html]
[sites.google.com/site/deansbook/bibliography/printed-collections.html]
[sites.google.com/site/deansbook/system/app/pages/reportAbuse1ccf.html]
[sites.google.com/site/deansbook/system/app/pages/reportAbuse7ede.html]
[sites.google.com/site/deansbook/system.html]
[sites.google.com/site/deansbook/system/app.html]
[sites.google.com/site/deansbook/system/app/pages.html]
[sites.google.com/site/deansbook/system/app/pages/reportAbuse5e17.html]
[sites.google.com/site/deansbook/system/app/pages/recentChangese164.html]
[sites.google.com/site/deansbook/system/app/pages/recentChanges4c30.html]
[sites.google.com/site/deansbook/system/app/pages/reportAbuse2039.html]
[sites.google.com/site/deansbook/_/rsrc/1305556023000/system/app/css/overlayc811.css]
[sites.google.com/site/deansbook/system/app/pages/reportAbusee5ea.html]
[sites.google.com/site/deansbook/system/app/pages/reportAbusee38d.html]
[sites.google.com/site/deansbook/system/app/pages/reportAbuse400e.html]
[sites.google.com/site/deansbook/system/app/pages/reportAbuse42b8.html]
[sites.google.com/site/deansbook/system/app/pages/reportAbuseed85.html]
[sites.google.com/site/deansbook/system/app/pages/reportAbuse40fa.html]
[sites.google.com/site/deansbook/system/app/pages/reportAbuse85cc.html]
[sites.google.com/site/deansbook/system/app/pages/reportAbuse55b0.html]
[sites.google.com/site/deansbook/system/app/pages/reportAbuse197a.html]
[sites.google.com/site/deansbook/system/app/pages/reportAbuse5301.html]
[sites.google.com/site/deansbook/system/app/pages/reportAbusef0c0.html]
[sites.google.com/site/deansbook/system/app/pages/reportAbuse9771.html]
[sites.google.com/site/deansbook/system/app/pages/reportAbuse402c.html]
[sites.google.com/site/deansbook/system/app/pages/reportAbuse9292.html]
[sites.google.com/site/deansbook/system/app/pages/reportAbuse3714.html]
[sites.google.com/site/deansbook/system/app/pages/reportAbuse39f9.html]
[sites.google.com/site/deansbook/system/app/pages/reportAbuseb8fe.html]
[sites.google.com/site/deansbook/system/app/pages/reportAbuse3bd6.html]
[sites.google.com/site/deansbook/system/app/pages/reportAbusea75e.html]
[sites.google.com/site/deansbook/system/app/pages/reportAbuse0020.html]
[sites.google.com/site/deansbook/system/app/pages/reportAbuse052d.html]
[sites.google.com/site/deansbook/system/app/pages/reportAbuse14e1.html]
[sites.google.com/site/deansbook/system/app/pages/reportAbusee154.html]
[sites.google.com/site/deansbook/system/app/pages/reportAbuse53c5.html]
[sites.google.com/site/deansbook/system/app/pages/reportAbuseec0c.html]
[sites.google.com/site/deansbook/system/app/pages/reportAbuse8fdd.html]
[sites.google.com/site/deansbook/system/app/pages/reportAbuse5cd9.html]
[sites.google.com/site/deansbook/system/app/pages/reportAbuse7fe3.html]
[sites.google.com/site/deansbook/system/app/pages/reportAbuse2314.html]
[sites.google.com/site/deansbook/system/app/pages/reportAbused1cf.html]
[sites.google.com/site/deansbook/system/app/pages/reportAbuse7780.html]
[sites.google.com/site/deansbook/system/app/pages/reportAbuse7217.html]
[sites.google.com/site/deansbook/system/app/pages/reportAbuse9dad.html]
[sites.google.com/site/deansbook/system/app/pages/reportAbuse6a91.html]
[sites.google.com/site/deansbook/system/app/pages/reportAbuse6f0b.html]
[sites.google.com/site/deansbook/system/app/pages/reportAbusef28c.html]
[sites.google.com/site/deansbook/system/app/pages/reportAbuseacf5.html]
[sites.google.com/site/deansbook/system/app/pages/reportAbuse7aa4.html]
[sites.google.com/site/deansbook/system/app/pages/reportAbuse39e1.html]
[sites.google.com/site/deansbook/system/app/pages/reportAbusec412.html]
[sites.google.com/site/deansbook/system/app/pages/reportAbuse5394.html]
[sites.google.com/site/deansbook/system/app/pages/reportAbuse8a3c.html]
[sites.google.com/site/deansbook/system/app/pages/reportAbuse6e29.html]
[sites.google.com/site/deansbook/system/app/pages/reportAbuse486e.html]
[sites.google.com/site/deansbook/system/app/pages/reportAbuse1a6b.html]
[sites.google.com/site/deansbook/system/app/pages/reportAbuse3155.html]
[sites.google.com/site/deansbook/system/app/pages/reportAbuse637c.html]
[sites.google.com/site/deansbook/system/app/pages/reportAbusef556.html]
[sites.google.com/site/deansbook/system/app/pages/reportAbuseae9a.html]
[sites.google.com/site/deansbook/system/app/pages/reportAbuse7a69.html]
[sites.google.com/site/deansbook/system/app/pages/reportAbused140.html]
[sites.google.com/site/deansbook/system/app/pages/reportAbusee104.html]
[sites.google.com/site/deansbook/system/app/pages/reportAbusead28.html]
[sites.google.com/site/deansbook/system/app/pages/reportAbuse7376.html]
[sites.google.com/site/deansbook/system/app/pages/reportAbused6f5.html]
[sites.google.com/site/deansbook/system/app/pages/reportAbusee297.html]
[sites.google.com/site/deansbook/system/app/pages/reportAbusea9d1.html]
[sites.google.com/site/deansbook/system/app/pages/reportAbuse7337.html]
[sites.google.com/site/deansbook/system/app/pages/reportAbuseaca5.html]
[sites.google.com/site/deansbook/system/app/pages/reportAbuse0f55.html]
[sites.google.com/site/deansbook/system/app/pages/reportAbuse9a80.html]
[sites.google.com/site/deansbook/system/app/pages/reportAbuse3344.html]
[sites.google.com/site/deansbook/system/app/pages/reportAbuse5e17.html]
[sites.google.com/site/deansbook/system/app/pages/recentChangesf13c.html]
[sites.google.com/site/deansbook/system/app/pages/recentChangese164.html]
[sites.google.com/site/deansbook/system/app/pages/recentChangesf13c.html]
[sites.google.com/site/deansbook/system/app/pages/recentChanges79ee.html]
[sites.google.com/site/deansbook/ballads/xii.1b0.delayed]
[sites.google.com/site/deansbook/system/app/pages/recentChanges79ee.html]
[sites.google.com/site/deansbook/ballads/xii-2.html]
[sites.google.com/site/deansbook/system/app/pages/recentChanges1206.html]
[sites.google.com/site/deansbook/system/app/pages/recentChanges1206.html]
[sites.google.com/site/deansbook/system/app/pages/recentChanges0e37.html]
[sites.google.com/site/deansbook/system/app/pages/recentChanges0e37.html]
[sites.google.com/site/deansbook/system/app/pages/recentChangesbb6e.html]
[sites.google.com/site/deansbook/system/app/pages/recentChangesbb6e.html]
[sites.google.com/site/deansbook/system/app/pages/recentChanges7880.html]
[sites.google.com/site/deansbook/system/app/pages/recentChanges7880.html]
[sites.google.com/site/deansbook/system/app/pages/recentChanges1902.html]
[sites.google.com/site/deansbook/system/errors/NodeNotFoundc2f4.html]
[sites.google.com/site/deansbook/system/errors/NodeNotFoundc27a.html]
[sites.google.com/site/deansbook/system/app/pages/recentChanges1902.html]
[sites.google.com/site/deansbook/system/errors/NodeNotFoundc2f4.html]
[sites.google.com/site/deansbook/system/errors/NodeNotFoundc27a.html]
[sites.google.com/site/deansbook/system/app/pages/recentChangesbd62.html]
[sites.google.com/site/deansbook/system/app/pages/recentChangesbd62.html]
[sites.google.com/site/deansbook/system/app/pages/recentChanges4e41.html]
[sites.google.com/site/deansbook/system/app/pages/recentChanges4e41.html]
[sites.google.com/site/deansbook/system/app/pages/recentChangesffc0.html]
[sites.google.com/site/deansbook/the-bdl-corpus/BDLtable.1cf6fb5.delayed]
[sites.google.com/site/deansbook/system/app/pages/recentChangesffc0.html]
[sites.google.com/site/deansbook/system/app/pages/recentChanges5585.html]
[sites.google.com/site/deansbook/system/errors/NodeNotFound8b1a.html]
[sites.google.com/site/deansbook/system/app/pages/recentChanges5585.html]
[sites.google.com/site/deansbook/system/errors/NodeNotFound8b1a.html]
[sites.google.com/site/deansbook/system/app/pages/recentChangesbad8.html]
[sites.google.com/site/deansbook/system/app/pages/recentChangesbad8.html]
[sites.google.com/site/deansbook/system/app/pages/recentChangesd889.html]
[sites.google.com/site/deansbook/system/app/pages/recentChangesd889.html]
[sites.google.com/site/deansbook/system/app/pages/recentChangese0dd.html]
[sites.google.com/site/deansbook/system/app/pages/recentChangese0dd.html]
[sites.google.com/site/deansbook/system/app/pages/recentChangesb61d.html]
[sites.google.com/site/deansbook/system/errors/NodeNotFounddb21.html]
[sites.google.com/site/deansbook/system/app/pages/recentChangesb61d.html]
[sites.google.com/site/deansbook/system/errors/NodeNotFounddb21.html]
[sites.google.com/site/deansbook/system/app/pages/recentChangesecfe.html]
[sites.google.com/site/deansbook/system/app/pages/recentChangesecfe.html]
[sites.google.com/site/deansbook/system/app/pages/recentChanges6738.html]
[sites.google.com/site/deansbook/system/errors/NodeNotFound97b1.html]
[sites.google.com/site/deansbook/system/errors/NodeNotFound08d5.html]
[sites.google.com/site/deansbook/system/errors/NodeNotFoundefa2.html]
[sites.google.com/site/deansbook/system/errors/NodeNotFound9d53.html]
[sites.google.com/site/deansbook/system/errors/NodeNotFoundf821.html]
[sites.google.com/site/deansbook/system/errors/NodeNotFound442d.html]
[sites.google.com/site/deansbook/system/errors/NodeNotFound902d.html]
[sites.google.com/site/deansbook/system/app/pages/recentChanges6738.html]
[sites.google.com/site/deansbook/system/errors/NodeNotFound97b1.html]
[sites.google.com/site/deansbook/system/errors/NodeNotFound08d5.html]
[sites.google.com/site/deansbook/system/errors/NodeNotFoundefa2.html]
[sites.google.com/site/deansbook/system/errors/NodeNotFound9d53.html]
[sites.google.com/site/deansbook/system/errors/NodeNotFoundf821.html]
[sites.google.com/site/deansbook/system/errors/NodeNotFound442d.html]
[sites.google.com/site/deansbook/system/errors/NodeNotFound902d.html]
[sites.google.com/site/deansbook/system/app/pages/recentChanges72b1.html]
[sites.google.com/site/deansbook/system/app/pages/recentChanges72b1.html]
[sites.google.com/site/deansbook/system/app/pages/recentChanges1b60.html]
[sites.google.com/site/deansbook/system/errors/NodeNotFounda0f9.html]
[sites.google.com/site/deansbook/system/errors/NodeNotFound0820.html]
[sites.google.com/site/deansbook/system/errors/NodeNotFound1247.html]
[sites.google.com/site/deansbook/system/errors/NodeNotFounddeb0.html]
[sites.google.com/site/deansbook/system/app/pages/recentChanges1b60.html]
[sites.google.com/site/deansbook/system/errors/NodeNotFounda0f9.html]
[sites.google.com/site/deansbook/system/errors/NodeNotFound0820.html]
[sites.google.com/site/deansbook/system/errors/NodeNotFound1247.html]
[sites.google.com/site/deansbook/system/errors/NodeNotFounddeb0.html]
[sites.google.com/site/deansbook/system/app/pages/recentChangesc8bb.html]
[sites.google.com/site/deansbook/system/app/pages/recentChangesc8bb.html]
